------------------------------------------------------------
Timing Analyzer Summary
------------------------------------------------------------

Type  : Slow 1200mV 85C Model Setup 'CLK'
Slack : -3.788
TNS   : -83.177

Type  : Slow 1200mV 85C Model Setup 'cnt[0]'
Slack : -0.173
TNS   : -0.969

Type  : Slow 1200mV 85C Model Setup 'hex_display:hex_display|cnt[0]'
Slack : -0.003
TNS   : -0.003

Type  : Slow 1200mV 85C Model Hold 'hex_display:hex_display|cnt[0]'
Slack : 0.452
TNS   : 0.000

Type  : Slow 1200mV 85C Model Hold 'cnt[0]'
Slack : 0.485
TNS   : 0.000

Type  : Slow 1200mV 85C Model Hold 'CLK'
Slack : 0.668
TNS   : 0.000

Type  : Slow 1200mV 85C Model Minimum Pulse Width 'CLK'
Slack : -3.000
TNS   : -60.993

Type  : Slow 1200mV 85C Model Minimum Pulse Width 'cnt[0]'
Slack : -1.487
TNS   : -26.766

Type  : Slow 1200mV 85C Model Minimum Pulse Width 'hex_display:hex_display|cnt[0]'
Slack : -1.487
TNS   : -2.974

Type  : Slow 1200mV 0C Model Setup 'CLK'
Slack : -3.532
TNS   : -72.853

Type  : Slow 1200mV 0C Model Setup 'cnt[0]'
Slack : -0.082
TNS   : -0.414

Type  : Slow 1200mV 0C Model Setup 'hex_display:hex_display|cnt[0]'
Slack : 0.091
TNS   : 0.000

Type  : Slow 1200mV 0C Model Hold 'hex_display:hex_display|cnt[0]'
Slack : 0.401
TNS   : 0.000

Type  : Slow 1200mV 0C Model Hold 'cnt[0]'
Slack : 0.449
TNS   : 0.000

Type  : Slow 1200mV 0C Model Hold 'CLK'
Slack : 0.524
TNS   : 0.000

Type  : Slow 1200mV 0C Model Minimum Pulse Width 'CLK'
Slack : -3.000
TNS   : -60.993

Type  : Slow 1200mV 0C Model Minimum Pulse Width 'cnt[0]'
Slack : -1.487
TNS   : -28.728

Type  : Slow 1200mV 0C Model Minimum Pulse Width 'hex_display:hex_display|cnt[0]'
Slack : -1.487
TNS   : -3.060

Type  : Fast 1200mV 0C Model Setup 'CLK'
Slack : -1.123
TNS   : -28.756

Type  : Fast 1200mV 0C Model Setup 'cnt[0]'
Slack : 0.486
TNS   : 0.000

Type  : Fast 1200mV 0C Model Setup 'hex_display:hex_display|cnt[0]'
Slack : 0.564
TNS   : 0.000

Type  : Fast 1200mV 0C Model Hold 'hex_display:hex_display|cnt[0]'
Slack : 0.186
TNS   : 0.000

Type  : Fast 1200mV 0C Model Hold 'cnt[0]'
Slack : 0.193
TNS   : 0.000

Type  : Fast 1200mV 0C Model Hold 'CLK'
Slack : 0.291
TNS   : 0.000

Type  : Fast 1200mV 0C Model Minimum Pulse Width 'CLK'
Slack : -3.000
TNS   : -42.800

Type  : Fast 1200mV 0C Model Minimum Pulse Width 'cnt[0]'
Slack : -1.000
TNS   : -18.000

Type  : Fast 1200mV 0C Model Minimum Pulse Width 'hex_display:hex_display|cnt[0]'
Slack : -1.000
TNS   : -2.000

------------------------------------------------------------
